// Vitest Snapshot v1, https://vitest.dev/guide/snapshot.html

exports[`11_form > should work with recorded events 1`] = `
"
    <div id="app"><form>numRendered: 42<button type="submit" disabled="">Submit</button><h3>First Name</h3><div>numRendered: 44<div>First Name:<input value="">name is required</div></div><h3>Family Name</h3><div>numRendered: 46<div>Family Name:<input value="">name is required</div></div><h3>Gender</h3><div>numRendered: 38<div>Gender:<select><option value="na">N/A</option><option value="male">Male</option><option value="female">Female</option></select></div></div><h3>Teenager</h3><div>numRendered: 40<div>Teenager:<input type="checkbox" value="false"></div></div></form><div><a href="https://codesandbox.io/s/react-form-library-stress-test-4luf3">Stress Test</a></div></div>
  

"
`;

exports[`11_form > should work with recorded events 2`] = `
"
    <div id="app"><form>numRendered: 62<button type="submit" disabled="">Submit</button><h3>First Name</h3><div>numRendered: 64<div>First Name:<input value="1"></div></div><h3>Family Name</h3><div>numRendered: 46<div>Family Name:<input value="">name is required</div></div><h3>Gender</h3><div>numRendered: 38<div>Gender:<select><option value="na">N/A</option><option value="male">Male</option><option value="female">Female</option></select></div></div><h3>Teenager</h3><div>numRendered: 40<div>Teenager:<input type="checkbox" value="false"></div></div></form><div><a href="https://codesandbox.io/s/react-form-library-stress-test-4luf3">Stress Test</a></div></div>
  

"
`;

exports[`11_form > should work with recorded events 3`] = `
"
    <div id="app"><form>numRendered: 82<button type="submit" disabled="">Submit</button><h3>First Name</h3><div>numRendered: 84<div>First Name:<input value="11"></div></div><h3>Family Name</h3><div>numRendered: 46<div>Family Name:<input value="">name is required</div></div><h3>Gender</h3><div>numRendered: 38<div>Gender:<select><option value="na">N/A</option><option value="male">Male</option><option value="female">Female</option></select></div></div><h3>Teenager</h3><div>numRendered: 40<div>Teenager:<input type="checkbox" value="false"></div></div></form><div><a href="https://codesandbox.io/s/react-form-library-stress-test-4luf3">Stress Test</a></div></div>
  

"
`;

exports[`11_form > should work with recorded events 4`] = `
"
    <div id="app"><form>numRendered: 102<button type="submit" disabled="">Submit</button><h3>First Name</h3><div>numRendered: 104<div>First Name:<input value="111"></div></div><h3>Family Name</h3><div>numRendered: 46<div>Family Name:<input value="">name is required</div></div><h3>Gender</h3><div>numRendered: 38<div>Gender:<select><option value="na">N/A</option><option value="male">Male</option><option value="female">Female</option></select></div></div><h3>Teenager</h3><div>numRendered: 40<div>Teenager:<input type="checkbox" value="false"></div></div></form><div><a href="https://codesandbox.io/s/react-form-library-stress-test-4luf3">Stress Test</a></div></div>
  

"
`;

exports[`11_form > should work with recorded events 5`] = `
"
    <div id="app"><form>numRendered: 122<button type="submit">Submit</button><h3>First Name</h3><div>numRendered: 104<div>First Name:<input value="111"></div></div><h3>Family Name</h3><div>numRendered: 126<div>Family Name:<input value="2"></div></div><h3>Gender</h3><div>numRendered: 38<div>Gender:<select><option value="na">N/A</option><option value="male">Male</option><option value="female">Female</option></select></div></div><h3>Teenager</h3><div>numRendered: 40<div>Teenager:<input type="checkbox" value="false"></div></div></form><div><a href="https://codesandbox.io/s/react-form-library-stress-test-4luf3">Stress Test</a></div></div>
  

"
`;

exports[`11_form > should work with recorded events 6`] = `
"
    <div id="app"><form>numRendered: 142<button type="submit">Submit</button><h3>First Name</h3><div>numRendered: 104<div>First Name:<input value="111"></div></div><h3>Family Name</h3><div>numRendered: 146<div>Family Name:<input value="22"></div></div><h3>Gender</h3><div>numRendered: 38<div>Gender:<select><option value="na">N/A</option><option value="male">Male</option><option value="female">Female</option></select></div></div><h3>Teenager</h3><div>numRendered: 40<div>Teenager:<input type="checkbox" value="false"></div></div></form><div><a href="https://codesandbox.io/s/react-form-library-stress-test-4luf3">Stress Test</a></div></div>
  

"
`;

exports[`11_form > should work with recorded events 7`] = `
"
    <div id="app"><form>numRendered: 162<button type="submit">Submit</button><h3>First Name</h3><div>numRendered: 104<div>First Name:<input value="111"></div></div><h3>Family Name</h3><div>numRendered: 166<div>Family Name:<input value="222"></div></div><h3>Gender</h3><div>numRendered: 38<div>Gender:<select><option value="na">N/A</option><option value="male">Male</option><option value="female">Female</option></select></div></div><h3>Teenager</h3><div>numRendered: 40<div>Teenager:<input type="checkbox" value="false"></div></div></form><div><a href="https://codesandbox.io/s/react-form-library-stress-test-4luf3">Stress Test</a></div></div>
  

"
`;

exports[`11_form > should work with recorded events 8`] = `
"
    <div id="app"><form>numRendered: 162<button type="submit">Submit</button><h3>First Name</h3><div>numRendered: 104<div>First Name:<input value="111"></div></div><h3>Family Name</h3><div>numRendered: 166<div>Family Name:<input value="222"></div></div><h3>Gender</h3><div>numRendered: 38<div>Gender:<select><option value="na">N/A</option><option value="male">Male</option><option value="female">Female</option></select></div></div><h3>Teenager</h3><div>numRendered: 40<div>Teenager:<input type="checkbox" value="false"></div></div></form><div><a href="https://codesandbox.io/s/react-form-library-stress-test-4luf3">Stress Test</a></div></div>
  

"
`;

exports[`11_form > should work with recorded events 9`] = `
"
    <div id="app"><form>numRendered: 182<button type="submit">Submit</button><h3>First Name</h3><div>numRendered: 104<div>First Name:<input value="111"></div></div><h3>Family Name</h3><div>numRendered: 166<div>Family Name:<input value="222"></div></div><h3>Gender</h3><div>numRendered: 188<div>Gender:<select><option value="na">N/A</option><option value="male">Male</option><option value="female">Female</option></select></div></div><h3>Teenager</h3><div>numRendered: 40<div>Teenager:<input type="checkbox" value="false"></div></div></form><div><a href="https://codesandbox.io/s/react-form-library-stress-test-4luf3">Stress Test</a></div></div>
  

"
`;

exports[`11_form > should work with recorded events 10`] = `
"
    <div id="app"><form>numRendered: 202<button type="submit">Submit</button><h3>First Name</h3><div>numRendered: 104<div>First Name:<input value="111"></div></div><h3>Family Name</h3><div>numRendered: 166<div>Family Name:<input value="222"></div></div><h3>Gender</h3><div>numRendered: 188<div>Gender:<select><option value="na">N/A</option><option value="male">Male</option><option value="female">Female</option></select></div></div><h3>Teenager</h3><div>numRendered: 210<div>Teenager:<input type="checkbox" value="true"></div></div></form><div><a href="https://codesandbox.io/s/react-form-library-stress-test-4luf3">Stress Test</a></div></div>
  

"
`;

exports[`11_form > should work with recorded events 11`] = `
"
    <div id="app"><form>numRendered: 202<button type="submit">Submit</button><h3>First Name</h3><div>numRendered: 104<div>First Name:<input value="111"></div></div><h3>Family Name</h3><div>numRendered: 166<div>Family Name:<input value="222"></div></div><h3>Gender</h3><div>numRendered: 188<div>Gender:<select><option value="na">N/A</option><option value="male">Male</option><option value="female">Female</option></select></div></div><h3>Teenager</h3><div>numRendered: 210<div>Teenager:<input type="checkbox" value="true"></div></div></form><div><a href="https://codesandbox.io/s/react-form-library-stress-test-4luf3">Stress Test</a></div></div>
  

"
`;
