// Jest Snapshot v1, https://goo.gl/fbAQLP

exports[`01_minimal should work with recorded events 1`] = `
"
    <div id=\\"app\\"><h1>Counter</h1><div>numRendered: 10<div><span>Count: 1</span><button type=\\"button\\">+1</button><button type=\\"button\\">-1</button></div></div><div>numRendered: 12<div><span>Count: 1</span><button type=\\"button\\">+1</button><button type=\\"button\\">-1</button></div></div><h1>TextBox</h1><div>numRendered: 6<div><span>Text: hello</span><input value=\\"hello\\"></div></div><div>numRendered: 8<div><span>Text: hello</span><input value=\\"hello\\"></div></div></div>
  <script src=\\"/main.js\\"></script>

"
`;

exports[`01_minimal should work with recorded events 2`] = `
"
    <div id=\\"app\\"><h1>Counter</h1><div>numRendered: 14<div><span>Count: 2</span><button type=\\"button\\">+1</button><button type=\\"button\\">-1</button></div></div><div>numRendered: 16<div><span>Count: 2</span><button type=\\"button\\">+1</button><button type=\\"button\\">-1</button></div></div><h1>TextBox</h1><div>numRendered: 6<div><span>Text: hello</span><input value=\\"hello\\"></div></div><div>numRendered: 8<div><span>Text: hello</span><input value=\\"hello\\"></div></div></div>
  <script src=\\"/main.js\\"></script>

"
`;

exports[`01_minimal should work with recorded events 3`] = `
"
    <div id=\\"app\\"><h1>Counter</h1><div>numRendered: 18<div><span>Count: 3</span><button type=\\"button\\">+1</button><button type=\\"button\\">-1</button></div></div><div>numRendered: 20<div><span>Count: 3</span><button type=\\"button\\">+1</button><button type=\\"button\\">-1</button></div></div><h1>TextBox</h1><div>numRendered: 6<div><span>Text: hello</span><input value=\\"hello\\"></div></div><div>numRendered: 8<div><span>Text: hello</span><input value=\\"hello\\"></div></div></div>
  <script src=\\"/main.js\\"></script>

"
`;

exports[`01_minimal should work with recorded events 4`] = `
"
    <div id=\\"app\\"><h1>Counter</h1><div>numRendered: 22<div><span>Count: 2</span><button type=\\"button\\">+1</button><button type=\\"button\\">-1</button></div></div><div>numRendered: 24<div><span>Count: 2</span><button type=\\"button\\">+1</button><button type=\\"button\\">-1</button></div></div><h1>TextBox</h1><div>numRendered: 6<div><span>Text: hello</span><input value=\\"hello\\"></div></div><div>numRendered: 8<div><span>Text: hello</span><input value=\\"hello\\"></div></div></div>
  <script src=\\"/main.js\\"></script>

"
`;

exports[`01_minimal should work with recorded events 5`] = `
"
    <div id=\\"app\\"><h1>Counter</h1><div>numRendered: 26<div><span>Count: 1</span><button type=\\"button\\">+1</button><button type=\\"button\\">-1</button></div></div><div>numRendered: 28<div><span>Count: 1</span><button type=\\"button\\">+1</button><button type=\\"button\\">-1</button></div></div><h1>TextBox</h1><div>numRendered: 6<div><span>Text: hello</span><input value=\\"hello\\"></div></div><div>numRendered: 8<div><span>Text: hello</span><input value=\\"hello\\"></div></div></div>
  <script src=\\"/main.js\\"></script>

"
`;

exports[`01_minimal should work with recorded events 6`] = `
"
    <div id=\\"app\\"><h1>Counter</h1><div>numRendered: 30<div><span>Count: 0</span><button type=\\"button\\">+1</button><button type=\\"button\\">-1</button></div></div><div>numRendered: 32<div><span>Count: 0</span><button type=\\"button\\">+1</button><button type=\\"button\\">-1</button></div></div><h1>TextBox</h1><div>numRendered: 6<div><span>Text: hello</span><input value=\\"hello\\"></div></div><div>numRendered: 8<div><span>Text: hello</span><input value=\\"hello\\"></div></div></div>
  <script src=\\"/main.js\\"></script>

"
`;

exports[`01_minimal should work with recorded events 7`] = `
"
    <div id=\\"app\\"><h1>Counter</h1><div>numRendered: 34<div><span>Count: -1</span><button type=\\"button\\">+1</button><button type=\\"button\\">-1</button></div></div><div>numRendered: 36<div><span>Count: -1</span><button type=\\"button\\">+1</button><button type=\\"button\\">-1</button></div></div><h1>TextBox</h1><div>numRendered: 6<div><span>Text: hello</span><input value=\\"hello\\"></div></div><div>numRendered: 8<div><span>Text: hello</span><input value=\\"hello\\"></div></div></div>
  <script src=\\"/main.js\\"></script>

"
`;

exports[`01_minimal should work with recorded events 8`] = `
"
    <div id=\\"app\\"><h1>Counter</h1><div>numRendered: 38<div><span>Count: -2</span><button type=\\"button\\">+1</button><button type=\\"button\\">-1</button></div></div><div>numRendered: 40<div><span>Count: -2</span><button type=\\"button\\">+1</button><button type=\\"button\\">-1</button></div></div><h1>TextBox</h1><div>numRendered: 6<div><span>Text: hello</span><input value=\\"hello\\"></div></div><div>numRendered: 8<div><span>Text: hello</span><input value=\\"hello\\"></div></div></div>
  <script src=\\"/main.js\\"></script>

"
`;

exports[`01_minimal should work with recorded events 9`] = `
"
    <div id=\\"app\\"><h1>Counter</h1><div>numRendered: 42<div><span>Count: -3</span><button type=\\"button\\">+1</button><button type=\\"button\\">-1</button></div></div><div>numRendered: 44<div><span>Count: -3</span><button type=\\"button\\">+1</button><button type=\\"button\\">-1</button></div></div><h1>TextBox</h1><div>numRendered: 6<div><span>Text: hello</span><input value=\\"hello\\"></div></div><div>numRendered: 8<div><span>Text: hello</span><input value=\\"hello\\"></div></div></div>
  <script src=\\"/main.js\\"></script>

"
`;

exports[`01_minimal should work with recorded events 10`] = `
"
    <div id=\\"app\\"><h1>Counter</h1><div>numRendered: 46<div><span>Count: -2</span><button type=\\"button\\">+1</button><button type=\\"button\\">-1</button></div></div><div>numRendered: 48<div><span>Count: -2</span><button type=\\"button\\">+1</button><button type=\\"button\\">-1</button></div></div><h1>TextBox</h1><div>numRendered: 6<div><span>Text: hello</span><input value=\\"hello\\"></div></div><div>numRendered: 8<div><span>Text: hello</span><input value=\\"hello\\"></div></div></div>
  <script src=\\"/main.js\\"></script>

"
`;

exports[`01_minimal should work with recorded events 11`] = `
"
    <div id=\\"app\\"><h1>Counter</h1><div>numRendered: 50<div><span>Count: -1</span><button type=\\"button\\">+1</button><button type=\\"button\\">-1</button></div></div><div>numRendered: 52<div><span>Count: -1</span><button type=\\"button\\">+1</button><button type=\\"button\\">-1</button></div></div><h1>TextBox</h1><div>numRendered: 6<div><span>Text: hello</span><input value=\\"hello\\"></div></div><div>numRendered: 8<div><span>Text: hello</span><input value=\\"hello\\"></div></div></div>
  <script src=\\"/main.js\\"></script>

"
`;

exports[`01_minimal should work with recorded events 12`] = `
"
    <div id=\\"app\\"><h1>Counter</h1><div>numRendered: 54<div><span>Count: 0</span><button type=\\"button\\">+1</button><button type=\\"button\\">-1</button></div></div><div>numRendered: 56<div><span>Count: 0</span><button type=\\"button\\">+1</button><button type=\\"button\\">-1</button></div></div><h1>TextBox</h1><div>numRendered: 6<div><span>Text: hello</span><input value=\\"hello\\"></div></div><div>numRendered: 8<div><span>Text: hello</span><input value=\\"hello\\"></div></div></div>
  <script src=\\"/main.js\\"></script>

"
`;

exports[`01_minimal should work with recorded events 13`] = `
"
    <div id=\\"app\\"><h1>Counter</h1><div>numRendered: 54<div><span>Count: 0</span><button type=\\"button\\">+1</button><button type=\\"button\\">-1</button></div></div><div>numRendered: 56<div><span>Count: 0</span><button type=\\"button\\">+1</button><button type=\\"button\\">-1</button></div></div><h1>TextBox</h1><div>numRendered: 6<div><span>Text: hello</span><input value=\\"hello\\"></div></div><div>numRendered: 8<div><span>Text: hello</span><input value=\\"hello\\"></div></div></div>
  <script src=\\"/main.js\\"></script>

"
`;

exports[`01_minimal should work with recorded events 14`] = `
"
    <div id=\\"app\\"><h1>Counter</h1><div>numRendered: 54<div><span>Count: 0</span><button type=\\"button\\">+1</button><button type=\\"button\\">-1</button></div></div><div>numRendered: 56<div><span>Count: 0</span><button type=\\"button\\">+1</button><button type=\\"button\\">-1</button></div></div><h1>TextBox</h1><div>numRendered: 62<div><span>Text: hello1</span><input value=\\"hello1\\"></div></div><div>numRendered: 64<div><span>Text: hello1</span><input value=\\"hello1\\"></div></div></div>
  <script src=\\"/main.js\\"></script>

"
`;

exports[`01_minimal should work with recorded events 15`] = `
"
    <div id=\\"app\\"><h1>Counter</h1><div>numRendered: 54<div><span>Count: 0</span><button type=\\"button\\">+1</button><button type=\\"button\\">-1</button></div></div><div>numRendered: 56<div><span>Count: 0</span><button type=\\"button\\">+1</button><button type=\\"button\\">-1</button></div></div><h1>TextBox</h1><div>numRendered: 70<div><span>Text: hello12</span><input value=\\"hello12\\"></div></div><div>numRendered: 72<div><span>Text: hello12</span><input value=\\"hello12\\"></div></div></div>
  <script src=\\"/main.js\\"></script>

"
`;

exports[`01_minimal should work with recorded events 16`] = `
"
    <div id=\\"app\\"><h1>Counter</h1><div>numRendered: 54<div><span>Count: 0</span><button type=\\"button\\">+1</button><button type=\\"button\\">-1</button></div></div><div>numRendered: 56<div><span>Count: 0</span><button type=\\"button\\">+1</button><button type=\\"button\\">-1</button></div></div><h1>TextBox</h1><div>numRendered: 74<div><span>Text: hello123</span><input value=\\"hello123\\"></div></div><div>numRendered: 76<div><span>Text: hello123</span><input value=\\"hello123\\"></div></div></div>
  <script src=\\"/main.js\\"></script>

"
`;
