// Jest Snapshot v1, https://goo.gl/fbAQLP

exports[`03_usestate should work with recorded events 1`] = `
"
    <div id=\\"app\\"><h1>Counter</h1><div>numRendered: 6<div><span>Count: 1</span><button type=\\"button\\">+1</button></div></div><div>numRendered: 8<div><span>Count: 1</span><button type=\\"button\\">+1</button></div></div><h1>Person</h1><div>numRendered: 2<div>First Name:<input value=\\"\\"></div><div>Last Name:<input value=\\"\\"></div><div>Age:<input value=\\"0\\"></div></div><div>numRendered: 4<div>First Name:<input value=\\"\\"></div><div>Last Name:<input value=\\"\\"></div><div>Age:<input value=\\"0\\"></div></div></div>
  <script src=\\"/main.js\\"></script>

"
`;

exports[`03_usestate should work with recorded events 2`] = `
"
    <div id=\\"app\\"><h1>Counter</h1><div>numRendered: 10<div><span>Count: 2</span><button type=\\"button\\">+1</button></div></div><div>numRendered: 12<div><span>Count: 2</span><button type=\\"button\\">+1</button></div></div><h1>Person</h1><div>numRendered: 2<div>First Name:<input value=\\"\\"></div><div>Last Name:<input value=\\"\\"></div><div>Age:<input value=\\"0\\"></div></div><div>numRendered: 4<div>First Name:<input value=\\"\\"></div><div>Last Name:<input value=\\"\\"></div><div>Age:<input value=\\"0\\"></div></div></div>
  <script src=\\"/main.js\\"></script>

"
`;

exports[`03_usestate should work with recorded events 3`] = `
"
    <div id=\\"app\\"><h1>Counter</h1><div>numRendered: 14<div><span>Count: 3</span><button type=\\"button\\">+1</button></div></div><div>numRendered: 16<div><span>Count: 3</span><button type=\\"button\\">+1</button></div></div><h1>Person</h1><div>numRendered: 2<div>First Name:<input value=\\"\\"></div><div>Last Name:<input value=\\"\\"></div><div>Age:<input value=\\"0\\"></div></div><div>numRendered: 4<div>First Name:<input value=\\"\\"></div><div>Last Name:<input value=\\"\\"></div><div>Age:<input value=\\"0\\"></div></div></div>
  <script src=\\"/main.js\\"></script>

"
`;

exports[`03_usestate should work with recorded events 4`] = `
"
    <div id=\\"app\\"><h1>Counter</h1><div>numRendered: 18<div><span>Count: 4</span><button type=\\"button\\">+1</button></div></div><div>numRendered: 20<div><span>Count: 4</span><button type=\\"button\\">+1</button></div></div><h1>Person</h1><div>numRendered: 2<div>First Name:<input value=\\"\\"></div><div>Last Name:<input value=\\"\\"></div><div>Age:<input value=\\"0\\"></div></div><div>numRendered: 4<div>First Name:<input value=\\"\\"></div><div>Last Name:<input value=\\"\\"></div><div>Age:<input value=\\"0\\"></div></div></div>
  <script src=\\"/main.js\\"></script>

"
`;

exports[`03_usestate should work with recorded events 5`] = `
"
    <div id=\\"app\\"><h1>Counter</h1><div>numRendered: 22<div><span>Count: 5</span><button type=\\"button\\">+1</button></div></div><div>numRendered: 24<div><span>Count: 5</span><button type=\\"button\\">+1</button></div></div><h1>Person</h1><div>numRendered: 2<div>First Name:<input value=\\"\\"></div><div>Last Name:<input value=\\"\\"></div><div>Age:<input value=\\"0\\"></div></div><div>numRendered: 4<div>First Name:<input value=\\"\\"></div><div>Last Name:<input value=\\"\\"></div><div>Age:<input value=\\"0\\"></div></div></div>
  <script src=\\"/main.js\\"></script>

"
`;

exports[`03_usestate should work with recorded events 6`] = `
"
    <div id=\\"app\\"><h1>Counter</h1><div>numRendered: 22<div><span>Count: 5</span><button type=\\"button\\">+1</button></div></div><div>numRendered: 24<div><span>Count: 5</span><button type=\\"button\\">+1</button></div></div><h1>Person</h1><div>numRendered: 2<div>First Name:<input value=\\"\\"></div><div>Last Name:<input value=\\"\\"></div><div>Age:<input value=\\"0\\"></div></div><div>numRendered: 4<div>First Name:<input value=\\"\\"></div><div>Last Name:<input value=\\"\\"></div><div>Age:<input value=\\"0\\"></div></div></div>
  <script src=\\"/main.js\\"></script>

"
`;

exports[`03_usestate should work with recorded events 7`] = `
"
    <div id=\\"app\\"><h1>Counter</h1><div>numRendered: 22<div><span>Count: 5</span><button type=\\"button\\">+1</button></div></div><div>numRendered: 24<div><span>Count: 5</span><button type=\\"button\\">+1</button></div></div><h1>Person</h1><div>numRendered: 6<div>First Name:<input value=\\"a\\"></div><div>Last Name:<input value=\\"\\"></div><div>Age:<input value=\\"0\\"></div></div><div>numRendered: 8<div>First Name:<input value=\\"a\\"></div><div>Last Name:<input value=\\"\\"></div><div>Age:<input value=\\"0\\"></div></div></div>
  <script src=\\"/main.js\\"></script>

"
`;

exports[`03_usestate should work with recorded events 8`] = `
"
    <div id=\\"app\\"><h1>Counter</h1><div>numRendered: 22<div><span>Count: 5</span><button type=\\"button\\">+1</button></div></div><div>numRendered: 24<div><span>Count: 5</span><button type=\\"button\\">+1</button></div></div><h1>Person</h1><div>numRendered: 14<div>First Name:<input value=\\"aa\\"></div><div>Last Name:<input value=\\"\\"></div><div>Age:<input value=\\"0\\"></div></div><div>numRendered: 16<div>First Name:<input value=\\"aa\\"></div><div>Last Name:<input value=\\"\\"></div><div>Age:<input value=\\"0\\"></div></div></div>
  <script src=\\"/main.js\\"></script>

"
`;

exports[`03_usestate should work with recorded events 9`] = `
"
    <div id=\\"app\\"><h1>Counter</h1><div>numRendered: 22<div><span>Count: 5</span><button type=\\"button\\">+1</button></div></div><div>numRendered: 24<div><span>Count: 5</span><button type=\\"button\\">+1</button></div></div><h1>Person</h1><div>numRendered: 18<div>First Name:<input value=\\"aaa\\"></div><div>Last Name:<input value=\\"\\"></div><div>Age:<input value=\\"0\\"></div></div><div>numRendered: 20<div>First Name:<input value=\\"aaa\\"></div><div>Last Name:<input value=\\"\\"></div><div>Age:<input value=\\"0\\"></div></div></div>
  <script src=\\"/main.js\\"></script>

"
`;

exports[`03_usestate should work with recorded events 10`] = `
"
    <div id=\\"app\\"><h1>Counter</h1><div>numRendered: 22<div><span>Count: 5</span><button type=\\"button\\">+1</button></div></div><div>numRendered: 24<div><span>Count: 5</span><button type=\\"button\\">+1</button></div></div><h1>Person</h1><div>numRendered: 22<div>First Name:<input value=\\"aaa\\"></div><div>Last Name:<input value=\\"b\\"></div><div>Age:<input value=\\"0\\"></div></div><div>numRendered: 24<div>First Name:<input value=\\"aaa\\"></div><div>Last Name:<input value=\\"b\\"></div><div>Age:<input value=\\"0\\"></div></div></div>
  <script src=\\"/main.js\\"></script>

"
`;

exports[`03_usestate should work with recorded events 11`] = `
"
    <div id=\\"app\\"><h1>Counter</h1><div>numRendered: 22<div><span>Count: 5</span><button type=\\"button\\">+1</button></div></div><div>numRendered: 24<div><span>Count: 5</span><button type=\\"button\\">+1</button></div></div><h1>Person</h1><div>numRendered: 26<div>First Name:<input value=\\"aaa\\"></div><div>Last Name:<input value=\\"bb\\"></div><div>Age:<input value=\\"0\\"></div></div><div>numRendered: 28<div>First Name:<input value=\\"aaa\\"></div><div>Last Name:<input value=\\"bb\\"></div><div>Age:<input value=\\"0\\"></div></div></div>
  <script src=\\"/main.js\\"></script>

"
`;

exports[`03_usestate should work with recorded events 12`] = `
"
    <div id=\\"app\\"><h1>Counter</h1><div>numRendered: 22<div><span>Count: 5</span><button type=\\"button\\">+1</button></div></div><div>numRendered: 24<div><span>Count: 5</span><button type=\\"button\\">+1</button></div></div><h1>Person</h1><div>numRendered: 30<div>First Name:<input value=\\"aaa\\"></div><div>Last Name:<input value=\\"bbb\\"></div><div>Age:<input value=\\"0\\"></div></div><div>numRendered: 32<div>First Name:<input value=\\"aaa\\"></div><div>Last Name:<input value=\\"bbb\\"></div><div>Age:<input value=\\"0\\"></div></div></div>
  <script src=\\"/main.js\\"></script>

"
`;

exports[`03_usestate should work with recorded events 13`] = `
"
    <div id=\\"app\\"><h1>Counter</h1><div>numRendered: 22<div><span>Count: 5</span><button type=\\"button\\">+1</button></div></div><div>numRendered: 24<div><span>Count: 5</span><button type=\\"button\\">+1</button></div></div><h1>Person</h1><div>numRendered: 34<div>First Name:<input value=\\"aaa\\"></div><div>Last Name:<input value=\\"bbb\\"></div><div>Age:<input value=\\"1\\"></div></div><div>numRendered: 36<div>First Name:<input value=\\"aaa\\"></div><div>Last Name:<input value=\\"bbb\\"></div><div>Age:<input value=\\"1\\"></div></div></div>
  <script src=\\"/main.js\\"></script>

"
`;

exports[`03_usestate should work with recorded events 14`] = `
"
    <div id=\\"app\\"><h1>Counter</h1><div>numRendered: 22<div><span>Count: 5</span><button type=\\"button\\">+1</button></div></div><div>numRendered: 24<div><span>Count: 5</span><button type=\\"button\\">+1</button></div></div><h1>Person</h1><div>numRendered: 38<div>First Name:<input value=\\"aaa\\"></div><div>Last Name:<input value=\\"bbb\\"></div><div>Age:<input value=\\"11\\"></div></div><div>numRendered: 40<div>First Name:<input value=\\"aaa\\"></div><div>Last Name:<input value=\\"bbb\\"></div><div>Age:<input value=\\"11\\"></div></div></div>
  <script src=\\"/main.js\\"></script>

"
`;

exports[`03_usestate should work with recorded events 15`] = `
"
    <div id=\\"app\\"><h1>Counter</h1><div>numRendered: 22<div><span>Count: 5</span><button type=\\"button\\">+1</button></div></div><div>numRendered: 24<div><span>Count: 5</span><button type=\\"button\\">+1</button></div></div><h1>Person</h1><div>numRendered: 42<div>First Name:<input value=\\"aaa\\"></div><div>Last Name:<input value=\\"bbb\\"></div><div>Age:<input value=\\"111\\"></div></div><div>numRendered: 44<div>First Name:<input value=\\"aaa\\"></div><div>Last Name:<input value=\\"bbb\\"></div><div>Age:<input value=\\"111\\"></div></div></div>
  <script src=\\"/main.js\\"></script>

"
`;
