// Jest Snapshot v1, https://goo.gl/fbAQLP

exports[`04_selector should work with recorded events 1`] = `
"
    <div id=\\"app\\"><h1>Counter</h1><div>numRendered: 6<div><span>Count: 1</span><button type=\\"button\\">+1</button><button type=\\"button\\">-1</button></div></div><div>numRendered: 8<div><span>Count: 1</span><button type=\\"button\\">+1</button><button type=\\"button\\">-1</button></div></div><h1>Person</h1><div>numRendered: 2<div>First Name:<input value=\\"\\"></div><div>Last Name:<input value=\\"\\"></div><div>Age:<input value=\\"0\\"></div></div><div>numRendered: 4<div>First Name:<input value=\\"\\"></div><div>Last Name:<input value=\\"\\"></div><div>Age:<input value=\\"0\\"></div></div></div>
  <script src=\\"/main.js\\"></script>

"
`;

exports[`04_selector should work with recorded events 2`] = `
"
    <div id=\\"app\\"><h1>Counter</h1><div>numRendered: 10<div><span>Count: 0</span><button type=\\"button\\">+1</button><button type=\\"button\\">-1</button></div></div><div>numRendered: 12<div><span>Count: 0</span><button type=\\"button\\">+1</button><button type=\\"button\\">-1</button></div></div><h1>Person</h1><div>numRendered: 2<div>First Name:<input value=\\"\\"></div><div>Last Name:<input value=\\"\\"></div><div>Age:<input value=\\"0\\"></div></div><div>numRendered: 4<div>First Name:<input value=\\"\\"></div><div>Last Name:<input value=\\"\\"></div><div>Age:<input value=\\"0\\"></div></div></div>
  <script src=\\"/main.js\\"></script>

"
`;

exports[`04_selector should work with recorded events 3`] = `
"
    <div id=\\"app\\"><h1>Counter</h1><div>numRendered: 14<div><span>Count: 1</span><button type=\\"button\\">+1</button><button type=\\"button\\">-1</button></div></div><div>numRendered: 16<div><span>Count: 1</span><button type=\\"button\\">+1</button><button type=\\"button\\">-1</button></div></div><h1>Person</h1><div>numRendered: 2<div>First Name:<input value=\\"\\"></div><div>Last Name:<input value=\\"\\"></div><div>Age:<input value=\\"0\\"></div></div><div>numRendered: 4<div>First Name:<input value=\\"\\"></div><div>Last Name:<input value=\\"\\"></div><div>Age:<input value=\\"0\\"></div></div></div>
  <script src=\\"/main.js\\"></script>

"
`;

exports[`04_selector should work with recorded events 4`] = `
"
    <div id=\\"app\\"><h1>Counter</h1><div>numRendered: 18<div><span>Count: 0</span><button type=\\"button\\">+1</button><button type=\\"button\\">-1</button></div></div><div>numRendered: 20<div><span>Count: 0</span><button type=\\"button\\">+1</button><button type=\\"button\\">-1</button></div></div><h1>Person</h1><div>numRendered: 2<div>First Name:<input value=\\"\\"></div><div>Last Name:<input value=\\"\\"></div><div>Age:<input value=\\"0\\"></div></div><div>numRendered: 4<div>First Name:<input value=\\"\\"></div><div>Last Name:<input value=\\"\\"></div><div>Age:<input value=\\"0\\"></div></div></div>
  <script src=\\"/main.js\\"></script>

"
`;

exports[`04_selector should work with recorded events 5`] = `
"
    <div id=\\"app\\"><h1>Counter</h1><div>numRendered: 18<div><span>Count: 0</span><button type=\\"button\\">+1</button><button type=\\"button\\">-1</button></div></div><div>numRendered: 20<div><span>Count: 0</span><button type=\\"button\\">+1</button><button type=\\"button\\">-1</button></div></div><h1>Person</h1><div>numRendered: 2<div>First Name:<input value=\\"\\"></div><div>Last Name:<input value=\\"\\"></div><div>Age:<input value=\\"0\\"></div></div><div>numRendered: 4<div>First Name:<input value=\\"\\"></div><div>Last Name:<input value=\\"\\"></div><div>Age:<input value=\\"0\\"></div></div></div>
  <script src=\\"/main.js\\"></script>

"
`;

exports[`04_selector should work with recorded events 6`] = `
"
    <div id=\\"app\\"><h1>Counter</h1><div>numRendered: 18<div><span>Count: 0</span><button type=\\"button\\">+1</button><button type=\\"button\\">-1</button></div></div><div>numRendered: 20<div><span>Count: 0</span><button type=\\"button\\">+1</button><button type=\\"button\\">-1</button></div></div><h1>Person</h1><div>numRendered: 6<div>First Name:<input value=\\"a\\"></div><div>Last Name:<input value=\\"\\"></div><div>Age:<input value=\\"0\\"></div></div><div>numRendered: 8<div>First Name:<input value=\\"a\\"></div><div>Last Name:<input value=\\"\\"></div><div>Age:<input value=\\"0\\"></div></div></div>
  <script src=\\"/main.js\\"></script>

"
`;

exports[`04_selector should work with recorded events 7`] = `
"
    <div id=\\"app\\"><h1>Counter</h1><div>numRendered: 18<div><span>Count: 0</span><button type=\\"button\\">+1</button><button type=\\"button\\">-1</button></div></div><div>numRendered: 20<div><span>Count: 0</span><button type=\\"button\\">+1</button><button type=\\"button\\">-1</button></div></div><h1>Person</h1><div>numRendered: 6<div>First Name:<input value=\\"a\\"></div><div>Last Name:<input value=\\"\\"></div><div>Age:<input value=\\"0\\"></div></div><div>numRendered: 8<div>First Name:<input value=\\"a\\"></div><div>Last Name:<input value=\\"\\"></div><div>Age:<input value=\\"0\\"></div></div></div>
  <script src=\\"/main.js\\"></script>

"
`;

exports[`04_selector should work with recorded events 8`] = `
"
    <div id=\\"app\\"><h1>Counter</h1><div>numRendered: 18<div><span>Count: 0</span><button type=\\"button\\">+1</button><button type=\\"button\\">-1</button></div></div><div>numRendered: 20<div><span>Count: 0</span><button type=\\"button\\">+1</button><button type=\\"button\\">-1</button></div></div><h1>Person</h1><div>numRendered: 6<div>First Name:<input value=\\"a\\"></div><div>Last Name:<input value=\\"\\"></div><div>Age:<input value=\\"0\\"></div></div><div>numRendered: 8<div>First Name:<input value=\\"a\\"></div><div>Last Name:<input value=\\"\\"></div><div>Age:<input value=\\"0\\"></div></div></div>
  <script src=\\"/main.js\\"></script>

"
`;

exports[`04_selector should work with recorded events 9`] = `
"
    <div id=\\"app\\"><h1>Counter</h1><div>numRendered: 18<div><span>Count: 0</span><button type=\\"button\\">+1</button><button type=\\"button\\">-1</button></div></div><div>numRendered: 20<div><span>Count: 0</span><button type=\\"button\\">+1</button><button type=\\"button\\">-1</button></div></div><h1>Person</h1><div>numRendered: 6<div>First Name:<input value=\\"a\\"></div><div>Last Name:<input value=\\"\\"></div><div>Age:<input value=\\"0\\"></div></div><div>numRendered: 8<div>First Name:<input value=\\"a\\"></div><div>Last Name:<input value=\\"\\"></div><div>Age:<input value=\\"0\\"></div></div></div>
  <script src=\\"/main.js\\"></script>

"
`;

exports[`04_selector should work with recorded events 10`] = `
"
    <div id=\\"app\\"><h1>Counter</h1><div>numRendered: 18<div><span>Count: 0</span><button type=\\"button\\">+1</button><button type=\\"button\\">-1</button></div></div><div>numRendered: 20<div><span>Count: 0</span><button type=\\"button\\">+1</button><button type=\\"button\\">-1</button></div></div><h1>Person</h1><div>numRendered: 6<div>First Name:<input value=\\"a\\"></div><div>Last Name:<input value=\\"\\"></div><div>Age:<input value=\\"0\\"></div></div><div>numRendered: 8<div>First Name:<input value=\\"a\\"></div><div>Last Name:<input value=\\"\\"></div><div>Age:<input value=\\"0\\"></div></div></div>
  <script src=\\"/main.js\\"></script>

"
`;

exports[`04_selector should work with recorded events 11`] = `
"
    <div id=\\"app\\"><h1>Counter</h1><div>numRendered: 18<div><span>Count: 0</span><button type=\\"button\\">+1</button><button type=\\"button\\">-1</button></div></div><div>numRendered: 20<div><span>Count: 0</span><button type=\\"button\\">+1</button><button type=\\"button\\">-1</button></div></div><h1>Person</h1><div>numRendered: 6<div>First Name:<input value=\\"a\\"></div><div>Last Name:<input value=\\"\\"></div><div>Age:<input value=\\"0\\"></div></div><div>numRendered: 8<div>First Name:<input value=\\"a\\"></div><div>Last Name:<input value=\\"\\"></div><div>Age:<input value=\\"0\\"></div></div></div>
  <script src=\\"/main.js\\"></script>

"
`;

exports[`04_selector should work with recorded events 12`] = `
"
    <div id=\\"app\\"><h1>Counter</h1><div>numRendered: 18<div><span>Count: 0</span><button type=\\"button\\">+1</button><button type=\\"button\\">-1</button></div></div><div>numRendered: 20<div><span>Count: 0</span><button type=\\"button\\">+1</button><button type=\\"button\\">-1</button></div></div><h1>Person</h1><div>numRendered: 6<div>First Name:<input value=\\"a\\"></div><div>Last Name:<input value=\\"\\"></div><div>Age:<input value=\\"0\\"></div></div><div>numRendered: 8<div>First Name:<input value=\\"a\\"></div><div>Last Name:<input value=\\"\\"></div><div>Age:<input value=\\"0\\"></div></div></div>
  <script src=\\"/main.js\\"></script>

"
`;

exports[`04_selector should work with recorded events 13`] = `
"
    <div id=\\"app\\"><h1>Counter</h1><div>numRendered: 18<div><span>Count: 0</span><button type=\\"button\\">+1</button><button type=\\"button\\">-1</button></div></div><div>numRendered: 20<div><span>Count: 0</span><button type=\\"button\\">+1</button><button type=\\"button\\">-1</button></div></div><h1>Person</h1><div>numRendered: 6<div>First Name:<input value=\\"a\\"></div><div>Last Name:<input value=\\"\\"></div><div>Age:<input value=\\"0\\"></div></div><div>numRendered: 8<div>First Name:<input value=\\"a\\"></div><div>Last Name:<input value=\\"\\"></div><div>Age:<input value=\\"0\\"></div></div></div>
  <script src=\\"/main.js\\"></script>

"
`;

exports[`04_selector should work with recorded events 14`] = `
"
    <div id=\\"app\\"><h1>Counter</h1><div>numRendered: 18<div><span>Count: 0</span><button type=\\"button\\">+1</button><button type=\\"button\\">-1</button></div></div><div>numRendered: 20<div><span>Count: 0</span><button type=\\"button\\">+1</button><button type=\\"button\\">-1</button></div></div><h1>Person</h1><div>numRendered: 6<div>First Name:<input value=\\"a\\"></div><div>Last Name:<input value=\\"\\"></div><div>Age:<input value=\\"0\\"></div></div><div>numRendered: 8<div>First Name:<input value=\\"a\\"></div><div>Last Name:<input value=\\"\\"></div><div>Age:<input value=\\"0\\"></div></div></div>
  <script src=\\"/main.js\\"></script>

"
`;
