// Jest Snapshot v1, https://goo.gl/fbAQLP

exports[`07_todolist should work with recorded events 1`] = `
"
    <div id=\\"app\\"><div><div><form><input value=\\"\\"><button type=\\"submit\\">Add Todo</button></form></div><ul></ul><div><span>Show: </span><button type=\\"button\\" disabled=\\"\\" style=\\"margin-left: 4px;\\">All</button><button type=\\"button\\" style=\\"margin-left: 4px;\\">Active</button><button type=\\"button\\" style=\\"margin-left: 4px;\\">Completed</button></div></div></div>
  <script src=\\"/main.js\\"></script>

"
`;

exports[`07_todolist should work with recorded events 2`] = `
"
    <div id=\\"app\\"><div><div><form><input value=\\"a\\"><button type=\\"submit\\">Add Todo</button></form></div><ul></ul><div><span>Show: </span><button type=\\"button\\" disabled=\\"\\" style=\\"margin-left: 4px;\\">All</button><button type=\\"button\\" style=\\"margin-left: 4px;\\">Active</button><button type=\\"button\\" style=\\"margin-left: 4px;\\">Completed</button></div></div></div>
  <script src=\\"/main.js\\"></script>

"
`;

exports[`07_todolist should work with recorded events 3`] = `
"
    <div id=\\"app\\"><div><div><form><input value=\\"aa\\"><button type=\\"submit\\">Add Todo</button></form></div><ul></ul><div><span>Show: </span><button type=\\"button\\" disabled=\\"\\" style=\\"margin-left: 4px;\\">All</button><button type=\\"button\\" style=\\"margin-left: 4px;\\">Active</button><button type=\\"button\\" style=\\"margin-left: 4px;\\">Completed</button></div></div></div>
  <script src=\\"/main.js\\"></script>

"
`;

exports[`07_todolist should work with recorded events 4`] = `
"
    <div id=\\"app\\"><div><div><form><input value=\\"aaa\\"><button type=\\"submit\\">Add Todo</button></form></div><ul></ul><div><span>Show: </span><button type=\\"button\\" disabled=\\"\\" style=\\"margin-left: 4px;\\">All</button><button type=\\"button\\" style=\\"margin-left: 4px;\\">Active</button><button type=\\"button\\" style=\\"margin-left: 4px;\\">Completed</button></div></div></div>
  <script src=\\"/main.js\\"></script>

"
`;

exports[`07_todolist should work with recorded events 5`] = `
"
    <div id=\\"app\\"><div><div><form><input value=\\"\\"><button type=\\"submit\\">Add Todo</button></form></div><ul><li role=\\"presentation\\" style=\\"text-decoration: none; cursor: pointer;\\">aaa</li></ul><div><span>Show: </span><button type=\\"button\\" disabled=\\"\\" style=\\"margin-left: 4px;\\">All</button><button type=\\"button\\" style=\\"margin-left: 4px;\\">Active</button><button type=\\"button\\" style=\\"margin-left: 4px;\\">Completed</button></div></div></div>
  <script src=\\"/main.js\\"></script>

"
`;

exports[`07_todolist should work with recorded events 6`] = `
"
    <div id=\\"app\\"><div><div><form><input value=\\"\\"><button type=\\"submit\\">Add Todo</button></form></div><ul><li role=\\"presentation\\" style=\\"text-decoration: none; cursor: pointer;\\">aaa</li></ul><div><span>Show: </span><button type=\\"button\\" disabled=\\"\\" style=\\"margin-left: 4px;\\">All</button><button type=\\"button\\" style=\\"margin-left: 4px;\\">Active</button><button type=\\"button\\" style=\\"margin-left: 4px;\\">Completed</button></div></div></div>
  <script src=\\"/main.js\\"></script>

"
`;

exports[`07_todolist should work with recorded events 7`] = `
"
    <div id=\\"app\\"><div><div><form><input value=\\"b\\"><button type=\\"submit\\">Add Todo</button></form></div><ul><li role=\\"presentation\\" style=\\"text-decoration: none; cursor: pointer;\\">aaa</li></ul><div><span>Show: </span><button type=\\"button\\" disabled=\\"\\" style=\\"margin-left: 4px;\\">All</button><button type=\\"button\\" style=\\"margin-left: 4px;\\">Active</button><button type=\\"button\\" style=\\"margin-left: 4px;\\">Completed</button></div></div></div>
  <script src=\\"/main.js\\"></script>

"
`;

exports[`07_todolist should work with recorded events 8`] = `
"
    <div id=\\"app\\"><div><div><form><input value=\\"bb\\"><button type=\\"submit\\">Add Todo</button></form></div><ul><li role=\\"presentation\\" style=\\"text-decoration: none; cursor: pointer;\\">aaa</li></ul><div><span>Show: </span><button type=\\"button\\" disabled=\\"\\" style=\\"margin-left: 4px;\\">All</button><button type=\\"button\\" style=\\"margin-left: 4px;\\">Active</button><button type=\\"button\\" style=\\"margin-left: 4px;\\">Completed</button></div></div></div>
  <script src=\\"/main.js\\"></script>

"
`;

exports[`07_todolist should work with recorded events 9`] = `
"
    <div id=\\"app\\"><div><div><form><input value=\\"bbb\\"><button type=\\"submit\\">Add Todo</button></form></div><ul><li role=\\"presentation\\" style=\\"text-decoration: none; cursor: pointer;\\">aaa</li></ul><div><span>Show: </span><button type=\\"button\\" disabled=\\"\\" style=\\"margin-left: 4px;\\">All</button><button type=\\"button\\" style=\\"margin-left: 4px;\\">Active</button><button type=\\"button\\" style=\\"margin-left: 4px;\\">Completed</button></div></div></div>
  <script src=\\"/main.js\\"></script>

"
`;

exports[`07_todolist should work with recorded events 10`] = `
"
    <div id=\\"app\\"><div><div><form><input value=\\"\\"><button type=\\"submit\\">Add Todo</button></form></div><ul><li role=\\"presentation\\" style=\\"text-decoration: none; cursor: pointer;\\">aaa</li><li role=\\"presentation\\" style=\\"text-decoration: none; cursor: pointer;\\">bbb</li></ul><div><span>Show: </span><button type=\\"button\\" disabled=\\"\\" style=\\"margin-left: 4px;\\">All</button><button type=\\"button\\" style=\\"margin-left: 4px;\\">Active</button><button type=\\"button\\" style=\\"margin-left: 4px;\\">Completed</button></div></div></div>
  <script src=\\"/main.js\\"></script>

"
`;

exports[`07_todolist should work with recorded events 11`] = `
"
    <div id=\\"app\\"><div><div><form><input value=\\"\\"><button type=\\"submit\\">Add Todo</button></form></div><ul><li role=\\"presentation\\" style=\\"text-decoration: none; cursor: pointer;\\">aaa</li><li role=\\"presentation\\" style=\\"text-decoration: none; cursor: pointer;\\">bbb</li></ul><div><span>Show: </span><button type=\\"button\\" disabled=\\"\\" style=\\"margin-left: 4px;\\">All</button><button type=\\"button\\" style=\\"margin-left: 4px;\\">Active</button><button type=\\"button\\" style=\\"margin-left: 4px;\\">Completed</button></div></div></div>
  <script src=\\"/main.js\\"></script>

"
`;

exports[`07_todolist should work with recorded events 12`] = `
"
    <div id=\\"app\\"><div><div><form><input value=\\"c\\"><button type=\\"submit\\">Add Todo</button></form></div><ul><li role=\\"presentation\\" style=\\"text-decoration: none; cursor: pointer;\\">aaa</li><li role=\\"presentation\\" style=\\"text-decoration: none; cursor: pointer;\\">bbb</li></ul><div><span>Show: </span><button type=\\"button\\" disabled=\\"\\" style=\\"margin-left: 4px;\\">All</button><button type=\\"button\\" style=\\"margin-left: 4px;\\">Active</button><button type=\\"button\\" style=\\"margin-left: 4px;\\">Completed</button></div></div></div>
  <script src=\\"/main.js\\"></script>

"
`;

exports[`07_todolist should work with recorded events 13`] = `
"
    <div id=\\"app\\"><div><div><form><input value=\\"cc\\"><button type=\\"submit\\">Add Todo</button></form></div><ul><li role=\\"presentation\\" style=\\"text-decoration: none; cursor: pointer;\\">aaa</li><li role=\\"presentation\\" style=\\"text-decoration: none; cursor: pointer;\\">bbb</li></ul><div><span>Show: </span><button type=\\"button\\" disabled=\\"\\" style=\\"margin-left: 4px;\\">All</button><button type=\\"button\\" style=\\"margin-left: 4px;\\">Active</button><button type=\\"button\\" style=\\"margin-left: 4px;\\">Completed</button></div></div></div>
  <script src=\\"/main.js\\"></script>

"
`;

exports[`07_todolist should work with recorded events 14`] = `
"
    <div id=\\"app\\"><div><div><form><input value=\\"ccc\\"><button type=\\"submit\\">Add Todo</button></form></div><ul><li role=\\"presentation\\" style=\\"text-decoration: none; cursor: pointer;\\">aaa</li><li role=\\"presentation\\" style=\\"text-decoration: none; cursor: pointer;\\">bbb</li></ul><div><span>Show: </span><button type=\\"button\\" disabled=\\"\\" style=\\"margin-left: 4px;\\">All</button><button type=\\"button\\" style=\\"margin-left: 4px;\\">Active</button><button type=\\"button\\" style=\\"margin-left: 4px;\\">Completed</button></div></div></div>
  <script src=\\"/main.js\\"></script>

"
`;

exports[`07_todolist should work with recorded events 15`] = `
"
    <div id=\\"app\\"><div><div><form><input value=\\"\\"><button type=\\"submit\\">Add Todo</button></form></div><ul><li role=\\"presentation\\" style=\\"text-decoration: none; cursor: pointer;\\">aaa</li><li role=\\"presentation\\" style=\\"text-decoration: none; cursor: pointer;\\">bbb</li><li role=\\"presentation\\" style=\\"text-decoration: none; cursor: pointer;\\">ccc</li></ul><div><span>Show: </span><button type=\\"button\\" disabled=\\"\\" style=\\"margin-left: 4px;\\">All</button><button type=\\"button\\" style=\\"margin-left: 4px;\\">Active</button><button type=\\"button\\" style=\\"margin-left: 4px;\\">Completed</button></div></div></div>
  <script src=\\"/main.js\\"></script>

"
`;

exports[`07_todolist should work with recorded events 16`] = `
"
    <div id=\\"app\\"><div><div><form><input value=\\"\\"><button type=\\"submit\\">Add Todo</button></form></div><ul><li role=\\"presentation\\" style=\\"text-decoration: none; cursor: pointer;\\">aaa</li><li role=\\"presentation\\" style=\\"text-decoration: none; cursor: pointer;\\">bbb</li><li role=\\"presentation\\" style=\\"text-decoration: none; cursor: pointer;\\">ccc</li></ul><div><span>Show: </span><button type=\\"button\\" style=\\"margin-left: 4px;\\">All</button><button type=\\"button\\" style=\\"margin-left: 4px;\\" disabled=\\"\\">Active</button><button type=\\"button\\" style=\\"margin-left: 4px;\\">Completed</button></div></div></div>
  <script src=\\"/main.js\\"></script>

"
`;

exports[`07_todolist should work with recorded events 17`] = `
"
    <div id=\\"app\\"><div><div><form><input value=\\"\\"><button type=\\"submit\\">Add Todo</button></form></div><ul></ul><div><span>Show: </span><button type=\\"button\\" style=\\"margin-left: 4px;\\">All</button><button type=\\"button\\" style=\\"margin-left: 4px;\\">Active</button><button type=\\"button\\" style=\\"margin-left: 4px;\\" disabled=\\"\\">Completed</button></div></div></div>
  <script src=\\"/main.js\\"></script>

"
`;

exports[`07_todolist should work with recorded events 18`] = `
"
    <div id=\\"app\\"><div><div><form><input value=\\"\\"><button type=\\"submit\\">Add Todo</button></form></div><ul><li role=\\"presentation\\" style=\\"text-decoration: none; cursor: pointer;\\">aaa</li><li role=\\"presentation\\" style=\\"text-decoration: none; cursor: pointer;\\">bbb</li><li role=\\"presentation\\" style=\\"text-decoration: none; cursor: pointer;\\">ccc</li></ul><div><span>Show: </span><button type=\\"button\\" style=\\"margin-left: 4px;\\" disabled=\\"\\">All</button><button type=\\"button\\" style=\\"margin-left: 4px;\\">Active</button><button type=\\"button\\" style=\\"margin-left: 4px;\\">Completed</button></div></div></div>
  <script src=\\"/main.js\\"></script>

"
`;

exports[`07_todolist should work with recorded events 19`] = `
"
    <div id=\\"app\\"><div><div><form><input value=\\"\\"><button type=\\"submit\\">Add Todo</button></form></div><ul><li role=\\"presentation\\" style=\\"text-decoration: none; cursor: pointer;\\">aaa</li><li role=\\"presentation\\" style=\\"text-decoration: line-through; cursor: pointer;\\">bbb</li><li role=\\"presentation\\" style=\\"text-decoration: none; cursor: pointer;\\">ccc</li></ul><div><span>Show: </span><button type=\\"button\\" style=\\"margin-left: 4px;\\" disabled=\\"\\">All</button><button type=\\"button\\" style=\\"margin-left: 4px;\\">Active</button><button type=\\"button\\" style=\\"margin-left: 4px;\\">Completed</button></div></div></div>
  <script src=\\"/main.js\\"></script>

"
`;

exports[`07_todolist should work with recorded events 20`] = `
"
    <div id=\\"app\\"><div><div><form><input value=\\"\\"><button type=\\"submit\\">Add Todo</button></form></div><ul><li role=\\"presentation\\" style=\\"text-decoration: none; cursor: pointer;\\">aaa</li><li role=\\"presentation\\" style=\\"text-decoration: none; cursor: pointer;\\">ccc</li></ul><div><span>Show: </span><button type=\\"button\\" style=\\"margin-left: 4px;\\">All</button><button type=\\"button\\" style=\\"margin-left: 4px;\\" disabled=\\"\\">Active</button><button type=\\"button\\" style=\\"margin-left: 4px;\\">Completed</button></div></div></div>
  <script src=\\"/main.js\\"></script>

"
`;

exports[`07_todolist should work with recorded events 21`] = `
"
    <div id=\\"app\\"><div><div><form><input value=\\"\\"><button type=\\"submit\\">Add Todo</button></form></div><ul><li role=\\"presentation\\" style=\\"text-decoration: line-through; cursor: pointer;\\">bbb</li></ul><div><span>Show: </span><button type=\\"button\\" style=\\"margin-left: 4px;\\">All</button><button type=\\"button\\" style=\\"margin-left: 4px;\\">Active</button><button type=\\"button\\" style=\\"margin-left: 4px;\\" disabled=\\"\\">Completed</button></div></div></div>
  <script src=\\"/main.js\\"></script>

"
`;

exports[`07_todolist should work with recorded events 22`] = `
"
    <div id=\\"app\\"><div><div><form><input value=\\"\\"><button type=\\"submit\\">Add Todo</button></form></div><ul><li role=\\"presentation\\" style=\\"text-decoration: none; cursor: pointer;\\">aaa</li><li role=\\"presentation\\" style=\\"text-decoration: line-through; cursor: pointer;\\">bbb</li><li role=\\"presentation\\" style=\\"text-decoration: none; cursor: pointer;\\">ccc</li></ul><div><span>Show: </span><button type=\\"button\\" style=\\"margin-left: 4px;\\" disabled=\\"\\">All</button><button type=\\"button\\" style=\\"margin-left: 4px;\\">Active</button><button type=\\"button\\" style=\\"margin-left: 4px;\\">Completed</button></div></div></div>
  <script src=\\"/main.js\\"></script>

"
`;

exports[`07_todolist should work with recorded events 23`] = `
"
    <div id=\\"app\\"><div><div><form><input value=\\"\\"><button type=\\"submit\\">Add Todo</button></form></div><ul><li role=\\"presentation\\" style=\\"text-decoration: none; cursor: pointer;\\">aaa</li><li role=\\"presentation\\" style=\\"text-decoration: line-through; cursor: pointer;\\">bbb</li><li role=\\"presentation\\" style=\\"text-decoration: line-through; cursor: pointer;\\">ccc</li></ul><div><span>Show: </span><button type=\\"button\\" style=\\"margin-left: 4px;\\" disabled=\\"\\">All</button><button type=\\"button\\" style=\\"margin-left: 4px;\\">Active</button><button type=\\"button\\" style=\\"margin-left: 4px;\\">Completed</button></div></div></div>
  <script src=\\"/main.js\\"></script>

"
`;

exports[`07_todolist should work with recorded events 24`] = `
"
    <div id=\\"app\\"><div><div><form><input value=\\"\\"><button type=\\"submit\\">Add Todo</button></form></div><ul><li role=\\"presentation\\" style=\\"text-decoration: none; cursor: pointer;\\">aaa</li></ul><div><span>Show: </span><button type=\\"button\\" style=\\"margin-left: 4px;\\">All</button><button type=\\"button\\" style=\\"margin-left: 4px;\\" disabled=\\"\\">Active</button><button type=\\"button\\" style=\\"margin-left: 4px;\\">Completed</button></div></div></div>
  <script src=\\"/main.js\\"></script>

"
`;

exports[`07_todolist should work with recorded events 25`] = `
"
    <div id=\\"app\\"><div><div><form><input value=\\"\\"><button type=\\"submit\\">Add Todo</button></form></div><ul><li role=\\"presentation\\" style=\\"text-decoration: line-through; cursor: pointer;\\">bbb</li><li role=\\"presentation\\" style=\\"text-decoration: line-through; cursor: pointer;\\">ccc</li></ul><div><span>Show: </span><button type=\\"button\\" style=\\"margin-left: 4px;\\">All</button><button type=\\"button\\" style=\\"margin-left: 4px;\\">Active</button><button type=\\"button\\" style=\\"margin-left: 4px;\\" disabled=\\"\\">Completed</button></div></div></div>
  <script src=\\"/main.js\\"></script>

"
`;

exports[`07_todolist should work with recorded events 26`] = `
"
    <div id=\\"app\\"><div><div><form><input value=\\"\\"><button type=\\"submit\\">Add Todo</button></form></div><ul><li role=\\"presentation\\" style=\\"text-decoration: line-through; cursor: pointer;\\">ccc</li></ul><div><span>Show: </span><button type=\\"button\\" style=\\"margin-left: 4px;\\">All</button><button type=\\"button\\" style=\\"margin-left: 4px;\\">Active</button><button type=\\"button\\" style=\\"margin-left: 4px;\\" disabled=\\"\\">Completed</button></div></div></div>
  <script src=\\"/main.js\\"></script>

"
`;

exports[`07_todolist should work with recorded events 27`] = `
"
    <div id=\\"app\\"><div><div><form><input value=\\"\\"><button type=\\"submit\\">Add Todo</button></form></div><ul><li role=\\"presentation\\" style=\\"text-decoration: none; cursor: pointer;\\">aaa</li><li role=\\"presentation\\" style=\\"text-decoration: none; cursor: pointer;\\">bbb</li><li role=\\"presentation\\" style=\\"text-decoration: line-through; cursor: pointer;\\">ccc</li></ul><div><span>Show: </span><button type=\\"button\\" style=\\"margin-left: 4px;\\" disabled=\\"\\">All</button><button type=\\"button\\" style=\\"margin-left: 4px;\\">Active</button><button type=\\"button\\" style=\\"margin-left: 4px;\\">Completed</button></div></div></div>
  <script src=\\"/main.js\\"></script>

"
`;

exports[`07_todolist should work with recorded events 28`] = `
"
    <div id=\\"app\\"><div><div><form><input value=\\"\\"><button type=\\"submit\\">Add Todo</button></form></div><ul><li role=\\"presentation\\" style=\\"text-decoration: none; cursor: pointer;\\">aaa</li><li role=\\"presentation\\" style=\\"text-decoration: none; cursor: pointer;\\">bbb</li></ul><div><span>Show: </span><button type=\\"button\\" style=\\"margin-left: 4px;\\">All</button><button type=\\"button\\" style=\\"margin-left: 4px;\\" disabled=\\"\\">Active</button><button type=\\"button\\" style=\\"margin-left: 4px;\\">Completed</button></div></div></div>
  <script src=\\"/main.js\\"></script>

"
`;
