// Jest Snapshot v1, https://goo.gl/fbAQLP

exports[`08_comparison should work with recorded events 1`] = `
"
    <div id=\\"app\\"><h1>Naive Context</h1><div>First Name:<input value=\\"Harry\\">(renders:1)</div><div>Family Name:<input value=\\"Potter\\">(renders:1)</div><h1>Split Context</h1><div>First Name:<input value=\\"Harry\\">(renders:1)</div><div>Family Name:<input value=\\"Potter\\">(renders:1)</div><h1>Context with React.memo</h1><div>First Name:<input value=\\"Harry\\">(renders:1)</div><div>Family Name:<input value=\\"Potter\\">(renders:1)</div><h1>Context with useMemo</h1><div>First Name:<input value=\\"Harry\\">(renders:2)</div><div>Family Name:<input value=\\"Potter\\">(renders:2)</div><h1>react-tracked</h1><div>First Name:<input value=\\"Harry\\">(renders:1)</div><div>Family Name:<input value=\\"Potter\\">(renders:1)</div></div>
  <script src=\\"/main.js\\"></script>

"
`;

exports[`08_comparison should work with recorded events 2`] = `
"
    <div id=\\"app\\"><h1>Naive Context</h1><div>First Name:<input value=\\"Harry1\\">(renders:2)</div><div>Family Name:<input value=\\"Potter\\">(renders:2)</div><h1>Split Context</h1><div>First Name:<input value=\\"Harry\\">(renders:1)</div><div>Family Name:<input value=\\"Potter\\">(renders:1)</div><h1>Context with React.memo</h1><div>First Name:<input value=\\"Harry\\">(renders:1)</div><div>Family Name:<input value=\\"Potter\\">(renders:1)</div><h1>Context with useMemo</h1><div>First Name:<input value=\\"Harry\\">(renders:2)</div><div>Family Name:<input value=\\"Potter\\">(renders:2)</div><h1>react-tracked</h1><div>First Name:<input value=\\"Harry\\">(renders:1)</div><div>Family Name:<input value=\\"Potter\\">(renders:1)</div></div>
  <script src=\\"/main.js\\"></script>

"
`;

exports[`08_comparison should work with recorded events 3`] = `
"
    <div id=\\"app\\"><h1>Naive Context</h1><div>First Name:<input value=\\"Harry1\\">(renders:3)</div><div>Family Name:<input value=\\"Potter1\\">(renders:3)</div><h1>Split Context</h1><div>First Name:<input value=\\"Harry\\">(renders:1)</div><div>Family Name:<input value=\\"Potter\\">(renders:1)</div><h1>Context with React.memo</h1><div>First Name:<input value=\\"Harry\\">(renders:1)</div><div>Family Name:<input value=\\"Potter\\">(renders:1)</div><h1>Context with useMemo</h1><div>First Name:<input value=\\"Harry\\">(renders:2)</div><div>Family Name:<input value=\\"Potter\\">(renders:2)</div><h1>react-tracked</h1><div>First Name:<input value=\\"Harry\\">(renders:1)</div><div>Family Name:<input value=\\"Potter\\">(renders:1)</div></div>
  <script src=\\"/main.js\\"></script>

"
`;

exports[`08_comparison should work with recorded events 4`] = `
"
    <div id=\\"app\\"><h1>Naive Context</h1><div>First Name:<input value=\\"Harry1\\">(renders:3)</div><div>Family Name:<input value=\\"Potter1\\">(renders:3)</div><h1>Split Context</h1><div>First Name:<input value=\\"Harry1\\">(renders:2)</div><div>Family Name:<input value=\\"Potter\\">(renders:1)</div><h1>Context with React.memo</h1><div>First Name:<input value=\\"Harry\\">(renders:1)</div><div>Family Name:<input value=\\"Potter\\">(renders:1)</div><h1>Context with useMemo</h1><div>First Name:<input value=\\"Harry\\">(renders:2)</div><div>Family Name:<input value=\\"Potter\\">(renders:2)</div><h1>react-tracked</h1><div>First Name:<input value=\\"Harry\\">(renders:1)</div><div>Family Name:<input value=\\"Potter\\">(renders:1)</div></div>
  <script src=\\"/main.js\\"></script>

"
`;

exports[`08_comparison should work with recorded events 5`] = `
"
    <div id=\\"app\\"><h1>Naive Context</h1><div>First Name:<input value=\\"Harry1\\">(renders:3)</div><div>Family Name:<input value=\\"Potter1\\">(renders:3)</div><h1>Split Context</h1><div>First Name:<input value=\\"Harry1\\">(renders:2)</div><div>Family Name:<input value=\\"Potter1\\">(renders:2)</div><h1>Context with React.memo</h1><div>First Name:<input value=\\"Harry\\">(renders:1)</div><div>Family Name:<input value=\\"Potter\\">(renders:1)</div><h1>Context with useMemo</h1><div>First Name:<input value=\\"Harry\\">(renders:2)</div><div>Family Name:<input value=\\"Potter\\">(renders:2)</div><h1>react-tracked</h1><div>First Name:<input value=\\"Harry\\">(renders:1)</div><div>Family Name:<input value=\\"Potter\\">(renders:1)</div></div>
  <script src=\\"/main.js\\"></script>

"
`;

exports[`08_comparison should work with recorded events 6`] = `
"
    <div id=\\"app\\"><h1>Naive Context</h1><div>First Name:<input value=\\"Harry1\\">(renders:3)</div><div>Family Name:<input value=\\"Potter1\\">(renders:3)</div><h1>Split Context</h1><div>First Name:<input value=\\"Harry1\\">(renders:2)</div><div>Family Name:<input value=\\"Potter1\\">(renders:2)</div><h1>Context with React.memo</h1><div>First Name:<input value=\\"Harry1\\">(renders:2)</div><div>Family Name:<input value=\\"Potter\\">(renders:1)</div><h1>Context with useMemo</h1><div>First Name:<input value=\\"Harry\\">(renders:2)</div><div>Family Name:<input value=\\"Potter\\">(renders:2)</div><h1>react-tracked</h1><div>First Name:<input value=\\"Harry\\">(renders:1)</div><div>Family Name:<input value=\\"Potter\\">(renders:1)</div></div>
  <script src=\\"/main.js\\"></script>

"
`;

exports[`08_comparison should work with recorded events 7`] = `
"
    <div id=\\"app\\"><h1>Naive Context</h1><div>First Name:<input value=\\"Harry1\\">(renders:3)</div><div>Family Name:<input value=\\"Potter1\\">(renders:3)</div><h1>Split Context</h1><div>First Name:<input value=\\"Harry1\\">(renders:2)</div><div>Family Name:<input value=\\"Potter1\\">(renders:2)</div><h1>Context with React.memo</h1><div>First Name:<input value=\\"Harry1\\">(renders:2)</div><div>Family Name:<input value=\\"Potter1\\">(renders:2)</div><h1>Context with useMemo</h1><div>First Name:<input value=\\"Harry\\">(renders:2)</div><div>Family Name:<input value=\\"Potter\\">(renders:2)</div><h1>react-tracked</h1><div>First Name:<input value=\\"Harry\\">(renders:1)</div><div>Family Name:<input value=\\"Potter\\">(renders:1)</div></div>
  <script src=\\"/main.js\\"></script>

"
`;

exports[`08_comparison should work with recorded events 8`] = `
"
    <div id=\\"app\\"><h1>Naive Context</h1><div>First Name:<input value=\\"Harry1\\">(renders:3)</div><div>Family Name:<input value=\\"Potter1\\">(renders:3)</div><h1>Split Context</h1><div>First Name:<input value=\\"Harry1\\">(renders:2)</div><div>Family Name:<input value=\\"Potter1\\">(renders:2)</div><h1>Context with React.memo</h1><div>First Name:<input value=\\"Harry1\\">(renders:2)</div><div>Family Name:<input value=\\"Potter1\\">(renders:2)</div><h1>Context with useMemo</h1><div>First Name:<input value=\\"Harry1\\">(renders:4)</div><div>Family Name:<input value=\\"Potter\\">(renders:2)</div><h1>react-tracked</h1><div>First Name:<input value=\\"Harry\\">(renders:1)</div><div>Family Name:<input value=\\"Potter\\">(renders:1)</div></div>
  <script src=\\"/main.js\\"></script>

"
`;

exports[`08_comparison should work with recorded events 9`] = `
"
    <div id=\\"app\\"><h1>Naive Context</h1><div>First Name:<input value=\\"Harry1\\">(renders:3)</div><div>Family Name:<input value=\\"Potter1\\">(renders:3)</div><h1>Split Context</h1><div>First Name:<input value=\\"Harry1\\">(renders:2)</div><div>Family Name:<input value=\\"Potter1\\">(renders:2)</div><h1>Context with React.memo</h1><div>First Name:<input value=\\"Harry1\\">(renders:2)</div><div>Family Name:<input value=\\"Potter1\\">(renders:2)</div><h1>Context with useMemo</h1><div>First Name:<input value=\\"Harry1\\">(renders:4)</div><div>Family Name:<input value=\\"Potter1\\">(renders:4)</div><h1>react-tracked</h1><div>First Name:<input value=\\"Harry\\">(renders:1)</div><div>Family Name:<input value=\\"Potter\\">(renders:1)</div></div>
  <script src=\\"/main.js\\"></script>

"
`;

exports[`08_comparison should work with recorded events 10`] = `
"
    <div id=\\"app\\"><h1>Naive Context</h1><div>First Name:<input value=\\"Harry1\\">(renders:3)</div><div>Family Name:<input value=\\"Potter1\\">(renders:3)</div><h1>Split Context</h1><div>First Name:<input value=\\"Harry1\\">(renders:2)</div><div>Family Name:<input value=\\"Potter1\\">(renders:2)</div><h1>Context with React.memo</h1><div>First Name:<input value=\\"Harry1\\">(renders:2)</div><div>Family Name:<input value=\\"Potter1\\">(renders:2)</div><h1>Context with useMemo</h1><div>First Name:<input value=\\"Harry1\\">(renders:4)</div><div>Family Name:<input value=\\"Potter1\\">(renders:4)</div><h1>react-tracked</h1><div>First Name:<input value=\\"Harry1\\">(renders:2)</div><div>Family Name:<input value=\\"Potter\\">(renders:1)</div></div>
  <script src=\\"/main.js\\"></script>

"
`;

exports[`08_comparison should work with recorded events 11`] = `
"
    <div id=\\"app\\"><h1>Naive Context</h1><div>First Name:<input value=\\"Harry1\\">(renders:3)</div><div>Family Name:<input value=\\"Potter1\\">(renders:3)</div><h1>Split Context</h1><div>First Name:<input value=\\"Harry1\\">(renders:2)</div><div>Family Name:<input value=\\"Potter1\\">(renders:2)</div><h1>Context with React.memo</h1><div>First Name:<input value=\\"Harry1\\">(renders:2)</div><div>Family Name:<input value=\\"Potter1\\">(renders:2)</div><h1>Context with useMemo</h1><div>First Name:<input value=\\"Harry1\\">(renders:4)</div><div>Family Name:<input value=\\"Potter1\\">(renders:4)</div><h1>react-tracked</h1><div>First Name:<input value=\\"Harry1\\">(renders:2)</div><div>Family Name:<input value=\\"Potter1\\">(renders:2)</div></div>
  <script src=\\"/main.js\\"></script>

"
`;
