// Jest Snapshot v1, https://goo.gl/fbAQLP

exports[`14_dynamic should work with recorded events 1`] = `
"
    <div id="app"><h1>Counter</h1><div>numRendered: 18<div><span>Count: 1</span><button type="button">+1</button><button type="button">-1</button><input value="0"></div></div><div>numRendered: 20<div><span>Count: 1</span><button type="button">+1</button><button type="button">-1</button><input value="0"></div></div><h1>Person</h1><div>numRendered: 2<div>First Name:<input value=""><button type="button">toggle</button></div><div>Age:<input value="0"></div></div><div>numRendered: 4<div>First Name:<input value=""><button type="button">toggle</button></div><div>Age:<input value="0"></div></div></div>
  

"
`;

exports[`14_dynamic should work with recorded events 2`] = `
"
    <div id="app"><h1>Counter</h1><div>numRendered: 18<div><span>Count: 1</span><button type="button">+1</button><button type="button">-1</button><input value="0"></div></div><div>numRendered: 20<div><span>Count: 1</span><button type="button">+1</button><button type="button">-1</button><input value="0"></div></div><h1>Person</h1><div>numRendered: 2<div>First Name:<input value=""><button type="button">toggle</button></div><div>Age:<input value="0"></div></div><div>numRendered: 4<div>First Name:<input value=""><button type="button">toggle</button></div><div>Age:<input value="0"></div></div></div>
  

"
`;

exports[`14_dynamic should work with recorded events 3`] = `
"
    <div id="app"><h1>Counter</h1><div>numRendered: 22<div><span>Count: 0</span><button type="button">+1</button><button type="button">-1</button><input value="1"></div></div><div>numRendered: 20<div><span>Count: 1</span><button type="button">+1</button><button type="button">-1</button><input value="0"></div></div><h1>Person</h1><div>numRendered: 2<div>First Name:<input value=""><button type="button">toggle</button></div><div>Age:<input value="0"></div></div><div>numRendered: 4<div>First Name:<input value=""><button type="button">toggle</button></div><div>Age:<input value="0"></div></div></div>
  

"
`;

exports[`14_dynamic should work with recorded events 4`] = `
"
    <div id="app"><h1>Counter</h1><div>numRendered: 28<div><span>Count: -1</span><button type="button">+1</button><button type="button">-1</button><input value="1"></div></div><div>numRendered: 20<div><span>Count: 1</span><button type="button">+1</button><button type="button">-1</button><input value="0"></div></div><h1>Person</h1><div>numRendered: 2<div>First Name:<input value=""><button type="button">toggle</button></div><div>Age:<input value="0"></div></div><div>numRendered: 4<div>First Name:<input value=""><button type="button">toggle</button></div><div>Age:<input value="0"></div></div></div>
  

"
`;

exports[`14_dynamic should work with recorded events 5`] = `
"
    <div id="app"><h1>Counter</h1><div>numRendered: 28<div><span>Count: -1</span><button type="button">+1</button><button type="button">-1</button><input value="1"></div></div><div>numRendered: 20<div><span>Count: 1</span><button type="button">+1</button><button type="button">-1</button><input value="0"></div></div><h1>Person</h1><div>numRendered: 2<div>First Name:<input value=""><button type="button">toggle</button></div><div>Age:<input value="0"></div></div><div>numRendered: 4<div>First Name:<input value=""><button type="button">toggle</button></div><div>Age:<input value="0"></div></div></div>
  

"
`;

exports[`14_dynamic should work with recorded events 6`] = `
"
    <div id="app"><h1>Counter</h1><div>numRendered: 28<div><span>Count: -1</span><button type="button">+1</button><button type="button">-1</button><input value="1"></div></div><div>numRendered: 33<div><span>Count: -1</span><button type="button">+1</button><button type="button">-1</button><input value="1"></div></div><h1>Person</h1><div>numRendered: 2<div>First Name:<input value=""><button type="button">toggle</button></div><div>Age:<input value="0"></div></div><div>numRendered: 4<div>First Name:<input value=""><button type="button">toggle</button></div><div>Age:<input value="0"></div></div></div>
  

"
`;

exports[`14_dynamic should work with recorded events 7`] = `
"
    <div id="app"><h1>Counter</h1><div>numRendered: 28<div><span>Count: -1</span><button type="button">+1</button><button type="button">-1</button><input value="1"></div></div><div>numRendered: 33<div><span>Count: -1</span><button type="button">+1</button><button type="button">-1</button><input value="1"></div></div><h1>Person</h1><div>numRendered: 2<div>First Name:<input value=""><button type="button">toggle</button></div><div>Age:<input value="0"></div></div><div>numRendered: 4<div>First Name:<input value=""><button type="button">toggle</button></div><div>Age:<input value="0"></div></div></div>
  

"
`;

exports[`14_dynamic should work with recorded events 8`] = `
"
    <div id="app"><h1>Counter</h1><div>numRendered: 28<div><span>Count: -1</span><button type="button">+1</button><button type="button">-1</button><input value="1"></div></div><div>numRendered: 33<div><span>Count: -1</span><button type="button">+1</button><button type="button">-1</button><input value="1"></div></div><h1>Person</h1><div>numRendered: 34<div>First Name:<input value="a"><button type="button">toggle</button></div><div>Age:<input value="0"></div></div><div>numRendered: 36<div>First Name:<input value="a"><button type="button">toggle</button></div><div>Age:<input value="0"></div></div></div>
  

"
`;

exports[`14_dynamic should work with recorded events 9`] = `
"
    <div id="app"><h1>Counter</h1><div>numRendered: 28<div><span>Count: -1</span><button type="button">+1</button><button type="button">-1</button><input value="1"></div></div><div>numRendered: 33<div><span>Count: -1</span><button type="button">+1</button><button type="button">-1</button><input value="1"></div></div><h1>Person</h1><div>numRendered: 38<div>Last Name:<input value=""><button type="button">toggle</button></div><div>Age:<input value="0"></div></div><div>numRendered: 36<div>First Name:<input value="a"><button type="button">toggle</button></div><div>Age:<input value="0"></div></div></div>
  

"
`;

exports[`14_dynamic should work with recorded events 10`] = `
"
    <div id="app"><h1>Counter</h1><div>numRendered: 28<div><span>Count: -1</span><button type="button">+1</button><button type="button">-1</button><input value="1"></div></div><div>numRendered: 33<div><span>Count: -1</span><button type="button">+1</button><button type="button">-1</button><input value="1"></div></div><h1>Person</h1><div>numRendered: 38<div>Last Name:<input value=""><button type="button">toggle</button></div><div>Age:<input value="0"></div></div><div>numRendered: 36<div>First Name:<input value="a"><button type="button">toggle</button></div><div>Age:<input value="0"></div></div></div>
  

"
`;

exports[`14_dynamic should work with recorded events 11`] = `
"
    <div id="app"><h1>Counter</h1><div>numRendered: 28<div><span>Count: -1</span><button type="button">+1</button><button type="button">-1</button><input value="1"></div></div><div>numRendered: 33<div><span>Count: -1</span><button type="button">+1</button><button type="button">-1</button><input value="1"></div></div><h1>Person</h1><div>numRendered: 44<div>Last Name:<input value="b"><button type="button">toggle</button></div><div>Age:<input value="0"></div></div><div>numRendered: 36<div>First Name:<input value="a"><button type="button">toggle</button></div><div>Age:<input value="0"></div></div></div>
  

"
`;

exports[`14_dynamic should work with recorded events 12`] = `
"
    <div id="app"><h1>Counter</h1><div>numRendered: 28<div><span>Count: -1</span><button type="button">+1</button><button type="button">-1</button><input value="1"></div></div><div>numRendered: 33<div><span>Count: -1</span><button type="button">+1</button><button type="button">-1</button><input value="1"></div></div><h1>Person</h1><div>numRendered: 44<div>Last Name:<input value="b"><button type="button">toggle</button></div><div>Age:<input value="0"></div></div><div>numRendered: 49<div>Last Name:<input value="b"><button type="button">toggle</button></div><div>Age:<input value="0"></div></div></div>
  

"
`;
